1 goal
  
  Σ : gFunctors
  heapGS0 : heapGS Σ
  ============================
  --------------------------------------∗
  WP let: "f" := λ: "x", "x" in ref ("f" #10) {{ _, True }}
  
1 goal
  
  Σ : gFunctors
  heapGS0 : heapGS Σ
  fun1, fun2, fun3 : expr
  ============================
  --------------------------------------∗
  WP let: "val1" := fun1 #() in
     let: "val2" := fun2 "val1" in
     let: "val3" := fun3 "val2" in if: "val1" = "val2" then "val" else "val3"
  {{ _, True }}
  
1 goal
  
  Σ : gFunctors
  heapGS0 : heapGS Σ
  fun1, fun2, fun3 : expr
  Φ : language.val heap_lang → iPropI Σ
  ============================
  --------------------------------------∗
  WP let: "val1" := fun1 #() in
     let: "val2" := fun2 "val1" in
     let: "v" := fun3 "v" in if: "v" = "v" then "v" else "v" 
  {{ v, Φ v }}
  
1 goal
  
  Σ : gFunctors
  heapGS0 : heapGS Σ
  fun1, fun2, fun3 : expr
  Φ : language.val heap_lang → iPropI Σ
  E : coPset
  ============================
  --------------------------------------∗
  WP let: "val1" := fun1 #() in
     let: "val2" := fun2 "val1" in
     let: "v" := fun3 "v" in if: "v" = "v" then "v" else "v" 
  @ E {{ v, Φ v }}
  
1 goal
  
  Σ : gFunctors
  heapGS0 : heapGS Σ
  fun1, fun2, fun3 : expr
  ============================
  {{{ True }}}
    let: "val1" := fun1 #() in
    let: "val2" := fun2 "val1" in
    let: "val3" := fun3 "val2" in if: "val1" = "val2" then "val" else "val3"
  {{{ (x y : val) (z : Z), RET (x, y, #z); True }}}
